// Jest Snapshot v1, https://goo.gl/fbAQLP

exports[`Series renders correctly 1`] = `
<div
  className="post"
>
  <article
    className="content"
  >
    <h1
      className="content__title no-subtitle"
    >
      test
    </h1>
    <div
      className="content__date"
    >
      <p
        className="content-date"
      >
        <time>
          March 14, 2019
        </time>
      </p>
    </div>
    <div
      className="content__spacer"
    />
    <div
      className="content__body"
    />
    <div>
      <div
        className="series-post"
      >
        <div
          className="series-post-content"
        >
          <Link>
            <img
              alt="test"
              loading="lazy"
            />
          </Link>
          <div>
            <h3>
              <Link>
                1. test
              </Link>
            </h3>
            <p
              className="content-date"
            >
              <time>
                March 14, 2019
              </time>
            </p>
            <p />
          </div>
        </div>
      </div>
      <div
        className="content__body"
        dangerouslySetInnerHTML={
          Object {
            "__html": "<div></div>",
          }
        }
      />
    </div>
  </article>
  <div
    className="post__subscribeForm"
  >
    <div
      className="container large "
    >
      <p
        className="description"
      >
        I write about 
        <Link
          to="/tag/machine-learning/"
        >
          ML
        </Link>
        ,
         
        <Link
          to="/tag/web-development/"
        >
          Web Dev
        </Link>
        , and
         
        <Link
          to="/tags/"
        >
          more topics
        </Link>
        . 
        <b>
          Subscribe to get new posts by email!
        </b>
      </p>
      <form
        acceptCharset="utf-8"
        action="https://sendy.zhiachong.com/subscribe"
        method="post"
        onFocus={[Function]}
        onSubmit={[Function]}
        target="_self"
      >
        <input
          name="Source"
          type="hidden"
          value="Post:test"
        />
        <input
          name="list"
          type="hidden"
          value="CWC7638hEb6mfk1RqUbJ763snA"
        />
        <input
          name="subform"
          type="hidden"
          value="yes"
        />
        <input
          autoCapitalize="off"
          autoCorrect="off"
          name="hp"
          style={
            Object {
              "display": "none",
            }
          }
          tabIndex="-1"
          type="text"
        />
        <input
          aria-label="Email Address"
          autoCapitalize="off"
          autoCorrect="off"
          name="email"
          placeholder="example@domain.com"
          size="25"
          type="email"
        />
        <br />
        <input
          className=""
          type="submit"
          value="SUBMIT"
        />
      </form>
      <div
        className="g-recaptcha"
        data-callback="onSubscribeFormSubmit"
        data-sitekey="6Le4B78UAAAAAFAdZM2PCW_N0fewzkoQSkv9odSY"
        data-size="invisible"
      />
      <p
        className="recaptcha-message"
      >
        This site is protected by reCAPTCHA and the Google
         
        <a
          href="https://policies.google.com/privacy"
        >
          Privacy Policy
        </a>
         and
         
        <a
          href="https://policies.google.com/terms"
        >
          Terms of Service
        </a>
         apply.
      </p>
    </div>
  </div>
  <div
    className="post__viewSource"
  >
    <p>
      <i>
        This blog is
         
        <a
          href="https://github.com/vzhou842/zhiachong.com"
          rel="noopener noreferrer"
          target="_blank"
        >
          open-source on Github
        </a>
        .
      </i>
    </p>
  </div>
  <div
    className="post__footer"
  >
    <div
      className="post__authorContainer"
    >
      <StaticQuery
        render={[Function]}
      />
    </div>
    <StaticQuery
      render={[Function]}
    />
  </div>
  <div
    className="post__comments"
  >
    <div
      style={
        Object {
          "paddingBottom": "320px",
        }
      }
    />
  </div>
</div>
`;
