// Jest Snapshot v1, https://goo.gl/fbAQLP

exports[`PostTemplate renders correctly 1`] = `
Array [
  <div
    className="headroom-wrapper"
    style={
      Object {
        "height": null,
      }
    }
  >
    <div
      className="headroom headroom--unfixed"
      style={
        Object {
          "MsTransform": "translate3D(0, 0, 0)",
          "WebkitTransform": "translate3D(0, 0, 0)",
          "left": 0,
          "position": "relative",
          "right": 0,
          "top": 0,
          "transform": "translate3D(0, 0, 0)",
          "zIndex": 1,
        }
      }
    >
      <div
        className="header"
      >
        <div
          className="desktop-only header__left"
        >
          <StaticQuery
            render={[Function]}
          />
        </div>
        <div
          className="desktop-only header__right"
        >
          <StaticQuery
            render={[Function]}
          />
          <div
            className="dark-mode-toggle"
          >
            <div
              className="react-toggle"
              onClick={[Function]}
              onTouchEnd={[Function]}
              onTouchMove={[Function]}
              onTouchStart={[Function]}
            >
              <div
                className="react-toggle-track"
              >
                <div
                  className="react-toggle-track-check"
                >
                  <img
                    alt="dark mode"
                    src="/media/moon.svg"
                  />
                </div>
                <div
                  className="react-toggle-track-x"
                >
                  <img
                    alt="light mode"
                    src="/media/sun.svg"
                  />
                </div>
              </div>
              <div
                className="react-toggle-thumb"
              />
              <input
                checked={false}
                className="react-toggle-screenreader-only"
                onBlur={[Function]}
                onChange={[Function]}
                onFocus={[Function]}
                type="checkbox"
              />
            </div>
          </div>
        </div>
      </div>
    </div>
  </div>,
  <StaticQuery
    render={[Function]}
  />,
  <div
    className="container hidden"
  >
    <h4
      className="title"
    >
      At least this isn't a full screen popup
    </h4>
    <p
      className="description"
    >
      That'd be more annoying. Anyways, subscribe to my newsletter to
       
      <b>
        get new posts by email!
      </b>
       I write about 
      <Link
        to="/tag/machine-learning/"
      >
        ML
      </Link>
      ,
       
      <Link
        to="/tag/web-development/"
      >
        Web Dev
      </Link>
      , and 
      <Link
        to="/tags/"
      >
        more topics
      </Link>
      .
    </p>
    <div
      className="container  no-spacing"
    >
      <form
        acceptCharset="utf-8"
        action="https://zhiachong.com/sendy/subscribe"
        method="post"
        onFocus={[Function]}
        onSubmit={[Function]}
        target="_self"
      >
        <input
          name="Source"
          type="hidden"
          value="Popup:test"
        />
        <input
          name="list"
          type="hidden"
          value="8qYhkFS763XrqGuDnKmb6763jQ"
        />
        <input
          name="subform"
          type="hidden"
          value="yes"
        />
        <input
          autoCapitalize="off"
          autoCorrect="off"
          name="hp"
          style={
            Object {
              "display": "none",
            }
          }
          tabIndex="-1"
          type="text"
        />
        <input
          aria-label="Email Address"
          autoCapitalize="off"
          autoCorrect="off"
          name="email"
          onKeyDown={[Function]}
          placeholder="example@domain.com"
          size="25"
          style={
            Object {
              "marginTop": 0,
            }
          }
          type="email"
        />
        <br />
        <input
          className=""
          type="submit"
          value="SUBMIT"
        />
      </form>
      <div
        className="g-recaptcha"
        data-callback="onSubscribeFormSubmit"
        data-sitekey="6Lf7cvAZAAAAAONthnaWZMHvjFe6dM73_cwh8DR8"
        data-size="invisible"
      />
      <p
        className="recaptcha-message"
      >
        This site is protected by reCAPTCHA and the Google
         
        <a
          href="https://policies.google.com/privacy"
        >
          Privacy Policy
        </a>
         and
         
        <a
          href="https://policies.google.com/terms"
        >
          Terms of Service
        </a>
         apply.
      </p>
    </div>
    <button
      className="close"
      onClick={[Function]}
    >
      âœ•
    </button>
  </div>,
]
`;
